mod	trans_guid	split_guid	time_now	date_entered	date_posted	acc_guid	acc_name	num	description	notes	memo	action	reconciled	amount	value	date_reconciled
-----------------
===== START
===== END
===== START
===== END
===== START
C	25e3f47337d24f168fb8cf822f51f298	395d91404e9441ccbc0f1bccbe6dc105	2025-08-14 07:12:51	2025-08-14 07:12:51	2025-08-14 10:59:00	322fda4cf193455ca7a47af142ad8733	EBT Debit Card		Safeway				n	-8063/100	-8063/100	1970-01-01 00:00:00
C	25e3f47337d24f168fb8cf822f51f298	8d37f360faef498f911d3371964ea404	2025-08-14 07:12:51	2025-08-14 07:12:51	2025-08-14 10:59:00	7461c3b29bff4102bd0efea147d53965	Ordinary Groceries		Safeway				n	8063/100	8063/100	1970-01-01 00:00:00
===== END
===== START
===== END
===== START
C	f345045d098c49a094d47103e300e2ca	576f369b9db645db923617630d4c8bdd	2025-08-14 07:14:16	2025-08-14 07:14:16	2025-08-12 10:59:00	322fda4cf193455ca7a47af142ad8733	EBT Debit Card		Amazon				n	-3649/100	-3649/100	1970-01-01 00:00:00
C	f345045d098c49a094d47103e300e2ca	6fb595c80a784f9eaa396d5ec9d46308	2025-08-14 07:14:16	2025-08-14 07:14:16	2025-08-12 10:59:00	7461c3b29bff4102bd0efea147d53965	Ordinary Groceries		Amazon				n	3649/100	3649/100	1970-01-01 00:00:00
===== END
===== START
===== END
===== START
C	ff328971d5e248efba0b21b3def1fc41	70eec969b4224680b1db45a37198790d	2025-08-14 07:14:24	2025-08-14 07:14:24	2025-08-08 10:59:00	322fda4cf193455ca7a47af142ad8733	EBT Debit Card						n	0/100	0/100	1970-01-01 00:00:00
===== END
===== START
===== END
===== START
B	ff328971d5e248efba0b21b3def1fc41	70eec969b4224680b1db45a37198790d	2025-08-14 07:15:06	2025-08-14 07:14:24	2025-08-08 10:59:00	322fda4cf193455ca7a47af142ad8733	EBT Debit Card						n	0/100	0/100	1970-01-01 00:00:00
===== END
===== START
C	ff328971d5e248efba0b21b3def1fc41	70eec969b4224680b1db45a37198790d	2025-08-14 07:15:06	2025-08-14 07:14:24	2025-08-08 10:59:00	322fda4cf193455ca7a47af142ad8733	EBT Debit Card		Shasata County EBT Payment				n	12700/100	12700/100	1970-01-01 00:00:00
C	ff328971d5e248efba0b21b3def1fc41	0f3f01bd4cb949279bb738d97f779cff	2025-08-14 07:15:06	2025-08-14 07:14:24	2025-08-08 10:59:00	82a5e7f9c4c5441e992218e7162fe29f	CAL-FRESH 		Shasata County EBT Payment				n	-12700/100	-12700/100	1970-01-01 00:00:00
===== END
