mod	trans_guid	split_guid	time_now	date_entered	date_posted	acc_guid	acc_name	num	description	notes	memo	action	reconciled	amount	value	date_reconciled
-----------------
===== START
===== END
===== START
B	e1a46067ee554af3af605efa85abe48f	65285196d22a401f97509f12f701c1a7	2025-08-14 04:37:21	2025-08-13 00:07:42	2025-08-10 10:59:00	a81142e9a813465ea3024a5d532909b0	XX TBD		Unkown				n	10/100	10/100	1970-01-01 00:00:00
B	e1a46067ee554af3af605efa85abe48f	d39d6e6774ae45079760534cd6bd49ef	2025-08-14 04:37:21	2025-08-13 00:07:42	2025-08-10 10:59:00	21f4d37126234e2ba79bdd2b4f0886b6	PayPal Debit		Unkown				n	-10/100	-10/100	1970-01-01 00:00:00
===== END
===== START
C	e1a46067ee554af3af605efa85abe48f	65285196d22a401f97509f12f701c1a7	2025-08-14 04:37:21	2025-08-13 00:07:42	2025-08-10 10:59:00	47ae584882364d73b7d2c99f62d5709e	Clearing		Unkown				n	10/100	10/100	1970-01-01 00:00:00
C	e1a46067ee554af3af605efa85abe48f	d39d6e6774ae45079760534cd6bd49ef	2025-08-14 04:37:21	2025-08-13 00:07:42	2025-08-10 10:59:00	21f4d37126234e2ba79bdd2b4f0886b6	PayPal Debit		Unkown				n	-10/100	-10/100	1970-01-01 00:00:00
===== END
===== START
B	4f0cdb272c1142049dd8d09297a397ff	2ad0fae7abe9448e80b3837c1c93904b	2025-08-14 04:37:43	2025-08-13 00:07:01	2025-08-10 10:59:00	a81142e9a813465ea3024a5d532909b0	XX TBD		Click Bank ????				n	2099/100	2099/100	1970-01-01 00:00:00
B	4f0cdb272c1142049dd8d09297a397ff	899fe9f7a7804fb38b37a055435912e4	2025-08-14 04:37:43	2025-08-13 00:07:01	2025-08-10 10:59:00	21f4d37126234e2ba79bdd2b4f0886b6	PayPal Debit		Click Bank ????				n	-2099/100	-2099/100	1970-01-01 00:00:00
===== END
===== START
C	4f0cdb272c1142049dd8d09297a397ff	2ad0fae7abe9448e80b3837c1c93904b	2025-08-14 04:37:43	2025-08-13 00:07:01	2025-08-10 10:59:00	a81142e9a813465ea3024a5d532909b0	XX TBD		Click Bank: Bible PDFs				n	2099/100	2099/100	1970-01-01 00:00:00
C	4f0cdb272c1142049dd8d09297a397ff	899fe9f7a7804fb38b37a055435912e4	2025-08-14 04:37:43	2025-08-13 00:07:01	2025-08-10 10:59:00	21f4d37126234e2ba79bdd2b4f0886b6	PayPal Debit		Click Bank: Bible PDFs				n	-2099/100	-2099/100	1970-01-01 00:00:00
===== END
===== START
C	90557fb2ce324ed59000ae6000ee89c2	6701b913673843969a202994d6f58b3d	2025-08-14 04:39:04	2025-08-14 04:39:04	2025-08-12 10:59:00	21f4d37126234e2ba79bdd2b4f0886b6	PayPal Debit		Amazon Refund Coozies				n	694/100	694/100	1970-01-01 00:00:00
C	90557fb2ce324ed59000ae6000ee89c2	0b8488ed27204af6a7b4f785a4c271a6	2025-08-14 04:39:04	2025-08-14 04:39:04	2025-08-12 10:59:00	0874799271004614a220fe05b132fc53	Ordinary Household		Amazon Refund Coozies				n	-694/100	-694/100	1970-01-01 00:00:00
===== END
===== START
===== END
===== START
C	1e9421f23cbc4086bbc83772dc73d582	75d64792031e468fa4ce08ca03c76657	2025-08-14 04:40:02	2025-08-14 04:40:02	2025-08-13 10:59:00	21f4d37126234e2ba79bdd2b4f0886b6	PayPal Debit		T-Mobile (early payment taken)				n	-4378/100	-4378/100	1970-01-01 00:00:00
C	1e9421f23cbc4086bbc83772dc73d582	82df2521492c47039b52d6d91af9fb84	2025-08-14 04:40:02	2025-08-14 04:40:02	2025-08-13 10:59:00	91174ebc4ead4377abf47b12c131de05	T-Mobile 		T-Mobile (early payment taken)				n	4378/100	4378/100	1970-01-01 00:00:00
===== END
===== START
===== END
