mod	trans_guid	split_guid	time_now	date_entered	date_posted	acc_guid	acc_name	num	description	notes	memo	action	reconciled	amount	value	date_reconciled
-----------------
===== START
C	fbe7b081a9ef41929bd8bd8cd26c2625	116df693552347708fd517edeb37d1ee	2025-08-14 04:47:38	2025-08-14 04:47:38	2025-08-13 10:59:00	79a4a2907f3543b1b93c86f4e42685e4	Ordinary Office Supplies		Amazon				n	987/100	987/100	1970-01-01 00:00:00
C	fbe7b081a9ef41929bd8bd8cd26c2625	039f144e58704e5dbaf77fe4f6610d3b	2025-08-14 04:47:38	2025-08-14 04:47:38	2025-08-13 10:59:00	21f4d37126234e2ba79bdd2b4f0886b6	PayPal Debit		Amazon				n	-987/100	-987/100	1970-01-01 00:00:00
===== END
===== START
===== END
===== START
B	fbe7b081a9ef41929bd8bd8cd26c2625	116df693552347708fd517edeb37d1ee	2025-08-14 04:47:52	2025-08-14 04:47:38	2025-08-13 10:59:00	79a4a2907f3543b1b93c86f4e42685e4	Ordinary Office Supplies		Amazon				n	987/100	987/100	1970-01-01 00:00:00
B	fbe7b081a9ef41929bd8bd8cd26c2625	039f144e58704e5dbaf77fe4f6610d3b	2025-08-14 04:47:52	2025-08-14 04:47:38	2025-08-13 10:59:00	21f4d37126234e2ba79bdd2b4f0886b6	PayPal Debit		Amazon				n	-987/100	-987/100	1970-01-01 00:00:00
===== END
===== START
C	fbe7b081a9ef41929bd8bd8cd26c2625	116df693552347708fd517edeb37d1ee	2025-08-14 04:47:52	2025-08-14 04:47:38	2025-08-13 10:59:00	0874799271004614a220fe05b132fc53	Ordinary Household		Amazon				n	987/100	987/100	1970-01-01 00:00:00
C	fbe7b081a9ef41929bd8bd8cd26c2625	039f144e58704e5dbaf77fe4f6610d3b	2025-08-14 04:47:52	2025-08-14 04:47:38	2025-08-13 10:59:00	21f4d37126234e2ba79bdd2b4f0886b6	PayPal Debit		Amazon				n	-987/100	-987/100	1970-01-01 00:00:00
===== END
===== START
B	fbe7b081a9ef41929bd8bd8cd26c2625	116df693552347708fd517edeb37d1ee	2025-08-14 04:48:15	2025-08-14 04:47:38	2025-08-13 10:59:00	0874799271004614a220fe05b132fc53	Ordinary Household		Amazon				n	987/100	987/100	1970-01-01 00:00:00
B	fbe7b081a9ef41929bd8bd8cd26c2625	039f144e58704e5dbaf77fe4f6610d3b	2025-08-14 04:48:15	2025-08-14 04:47:38	2025-08-13 10:59:00	21f4d37126234e2ba79bdd2b4f0886b6	PayPal Debit		Amazon				n	-987/100	-987/100	1970-01-01 00:00:00
===== END
===== START
C	fbe7b081a9ef41929bd8bd8cd26c2625	116df693552347708fd517edeb37d1ee	2025-08-14 04:48:15	2025-08-14 04:47:38	2025-08-13 10:59:00	0874799271004614a220fe05b132fc53	Ordinary Household		Amazon				n	750/100	750/100	1970-01-01 00:00:00
C	fbe7b081a9ef41929bd8bd8cd26c2625	039f144e58704e5dbaf77fe4f6610d3b	2025-08-14 04:48:15	2025-08-14 04:47:38	2025-08-13 10:59:00	21f4d37126234e2ba79bdd2b4f0886b6	PayPal Debit		Amazon				n	-750/100	-750/100	1970-01-01 00:00:00
===== END
===== START
C	c3fa5cda3fc6476f9fe0e66d1e32e582	3470abae484b48198d2a3bd2bc297428	2025-08-14 04:48:29	2025-08-14 04:48:29	2025-08-13 10:59:00	0874799271004614a220fe05b132fc53	Ordinary Household		Amazon				n	2728/100	2728/100	1970-01-01 00:00:00
C	c3fa5cda3fc6476f9fe0e66d1e32e582	74a2b89442454e92904da7bc97c44af6	2025-08-14 04:48:29	2025-08-14 04:48:29	2025-08-13 10:59:00	21f4d37126234e2ba79bdd2b4f0886b6	PayPal Debit		Amazon				n	-2728/100	-2728/100	1970-01-01 00:00:00
===== END
===== START
===== END
