mod	trans_guid	split_guid	time_now	date_entered	date_posted	acc_guid	acc_name	num	description	notes	memo	action	reconciled	amount	value	date_reconciled
-----------------
===== START
===== END
===== START
B	8e5d5e98937f4d18ba35c2ee5fed7a7e	f842e3d3db6a491fb390ae7ba24d74e7	2025-08-14 22:59:53	2025-08-14 04:51:06	2025-08-13 10:59:00	21f4d37126234e2ba79bdd2b4f0886b6	PayPal Debit		TBD Refund				n	2280/100	2280/100	1970-01-01 00:00:00
B	8e5d5e98937f4d18ba35c2ee5fed7a7e	a7378c923d4c4a7f9f7ff44c83b9d5f5	2025-08-14 22:59:53	2025-08-14 04:51:06	2025-08-13 10:59:00	bdf4d4a56ba34f72a31455d40366a6fd	XN TBD		TBD Refund				n	-2280/100	-2280/100	1970-01-01 00:00:00
===== END
===== START
C	8e5d5e98937f4d18ba35c2ee5fed7a7e	f842e3d3db6a491fb390ae7ba24d74e7	2025-08-14 22:59:53	2025-08-14 04:51:06	2025-08-13 10:59:00	21f4d37126234e2ba79bdd2b4f0886b6	PayPal Debit		Test Strip sales				n	2280/100	2280/100	1970-01-01 00:00:00
C	8e5d5e98937f4d18ba35c2ee5fed7a7e	a7378c923d4c4a7f9f7ff44c83b9d5f5	2025-08-14 22:59:53	2025-08-14 04:51:06	2025-08-13 10:59:00	bdf4d4a56ba34f72a31455d40366a6fd	XN TBD		Test Strip sales				n	-2280/100	-2280/100	1970-01-01 00:00:00
===== END
===== START
C	8bc09b22274a4667a3fb691647b8cf2a	a108f57bd32643608767ce4534e0b2b1	2025-08-14 23:00:28	2025-08-14 23:00:28	2025-08-14 10:59:00	21f4d37126234e2ba79bdd2b4f0886b6	PayPal Debit		PWALABS (Bible Printables)				n	1000/100	1000/100	1970-01-01 00:00:00
C	8bc09b22274a4667a3fb691647b8cf2a	b166ac8b41054d5e82f63a9270a637a9	2025-08-14 23:00:28	2025-08-14 23:00:28	2025-08-14 10:59:00	0874799271004614a220fe05b132fc53	Ordinary Household		PWALABS (Bible Printables)				n	-1000/100	-1000/100	1970-01-01 00:00:00
===== END
===== START
===== END
===== START
B	8bc09b22274a4667a3fb691647b8cf2a	a108f57bd32643608767ce4534e0b2b1	2025-08-14 23:00:36	2025-08-14 23:00:28	2025-08-14 10:59:00	21f4d37126234e2ba79bdd2b4f0886b6	PayPal Debit		PWALABS (Bible Printables)				n	1000/100	1000/100	1970-01-01 00:00:00
B	8bc09b22274a4667a3fb691647b8cf2a	b166ac8b41054d5e82f63a9270a637a9	2025-08-14 23:00:36	2025-08-14 23:00:28	2025-08-14 10:59:00	0874799271004614a220fe05b132fc53	Ordinary Household		PWALABS (Bible Printables)				n	-1000/100	-1000/100	1970-01-01 00:00:00
===== END
===== START
C	8bc09b22274a4667a3fb691647b8cf2a	a108f57bd32643608767ce4534e0b2b1	2025-08-14 23:00:36	2025-08-14 23:00:28	2025-08-14 10:59:00	21f4d37126234e2ba79bdd2b4f0886b6	PayPal Debit		PWALABS (Bible Printables)				n	-1000/100	-1000/100	1970-01-01 00:00:00
C	8bc09b22274a4667a3fb691647b8cf2a	b166ac8b41054d5e82f63a9270a637a9	2025-08-14 23:00:36	2025-08-14 23:00:28	2025-08-14 10:59:00	0874799271004614a220fe05b132fc53	Ordinary Household		PWALABS (Bible Printables)				n	1000/100	1000/100	1970-01-01 00:00:00
===== END
